// Jest Snapshot v1, https://goo.gl/fbAQLP

exports[`Following renders snapshot 1`] = `
<p
  class="titles"
>
  Following
</p>
`;
