// Jest Snapshot v1, https://goo.gl/fbAQLP

exports[`Account renders snapshot 1`] = `null`;
